// Jest Snapshot v1, https://goo.gl/fbAQLP

exports[`Root should mount Root component 1`] = `
<div>
  <Header />
  <Grid
    bsClass="container"
    componentClass="div"
    fluid={false}
  >
    <Jumbotron
      bsClass="jumbotron"
      componentClass="div"
    >
      <h1>
        Hello, world!
      </h1>
      <p>
        This is a simple hero unit, a simple jumbotron-style component for calling extra attention to featured content or information.
      </p>
      <p>
        <Button
          active={false}
          block={false}
          bsClass="btn"
          bsStyle="primary"
          disabled={false}
          onClick={[Function]}
        >
          Login
        </Button>
      </p>
    </Jumbotron>
  </Grid>
</div>
`;
